// Jest Snapshot v1, https://goo.gl/fbAQLP

exports[`Card test should renders correctly 1`] = `
<div
  className="card"
  data-testid="cardItem"
>
  <p>
    description
  </p>
  <div
    className="checkbox"
  />
</div>
`;
